Archive member included because of file (symbol)

c:/program files (x86)/microchip/mplabc32/v2.01/bin/../lib/gcc/pic32mx/4.5.1/../../../../pic32mx/lib\libc.a(general-exception.o)
                              crt0.o (_general_exception_context)
c:/program files (x86)/microchip/mplabc32/v2.01/bin/../lib/gcc/pic32mx/4.5.1/../../../../pic32mx/lib\libc.a(exit.o)
                              crt0.o (exit)
c:/program files (x86)/microchip/mplabc32/v2.01/bin/../lib/gcc/pic32mx/4.5.1/../../../../pic32mx/lib\libc.a(default-general-exception-handler.o)
                              c:/program files (x86)/microchip/mplabc32/v2.01/bin/../lib/gcc/pic32mx/4.5.1/../../../../pic32mx/lib\libc.a(general-exception.o) (_general_exception_handler)
c:/program files (x86)/microchip/mplabc32/v2.01/bin/../lib/gcc/pic32mx/4.5.1/../../../../pic32mx/lib\libc.a(stdclean_simple.o)
                              c:/program files (x86)/microchip/mplabc32/v2.01/bin/../lib/gcc/pic32mx/4.5.1/../../../../pic32mx/lib\libc.a(exit.o) (_cleanup)

Microchip PIC32 Memory-Usage Report

kseg0 Program-Memory Usage
section                    address  length [bytes]      (dec)  Description
-------                 ----------  -------------------------  -----------
.text                   0x9d000000          0x2a8         680  App's exec code 
.rodata                 0x9d0002a8          0x8bc        2236  Read-only const 
.stack                  0x9d000b64          0x408        1032   
.dinit                  0x9d000b68           0x10          16   
      Total kseg0_program_mem used  :       0xf7c        3964  0.8% of 0x80000

kseg0 Boot-Memory Usage
section                    address  length [bytes]      (dec)  Description
-------                 ----------  -------------------------  -----------
.startup                0x9fc00490            0x4           4  C startup code 
         Total kseg0_boot_mem used  :         0x4           4  0.2% of 0x970

Exception-Memory Usage 
section                    address  length [bytes]      (dec)  Description
-------                 ----------  -------------------------  -----------
.app_excpt              0x9fc01180           0x10          16  General-Exception 
          Total exception_mem used  :        0x10          16  0.4% of 0x1000

kseg1 Boot-Memory Usage
section                    address  length [bytes]      (dec)  Description
-------                 ----------  -------------------------  -----------
.reset                  0xbfc00000           0x20          32  Reset handler 
         Total kseg1_boot_mem used  :        0x20          32  2.7% of 0x490
        --------------------------------------------------------------------------
         Total Program Memory used  :       0xfb0        4016  0.8% of 0x81e00
        --------------------------------------------------------------------------


kseg1 Data-Memory Usage
section                    address  length [bytes]      (dec)  Description
-------                 ----------  -------------------------  -----------
.sbss                   0xa0000200            0x4           4  Small uninit data 
.stack                  0xa0000204          0x408        1032  Min reserved for stack 
         Total kseg1_data_mem used  :       0x40c        1036  1.6% of 0x10000
        --------------------------------------------------------------------------
            Total Data Memory used  :       0x40c        1036  1.6% of 0x10000
        --------------------------------------------------------------------------


Dynamic Data-Memory Reservation
section                    address  length [bytes]      (dec)  Description
-------                 ----------  -------------------------  -----------
heap                             0              0           0  Reserved for heap 
stack                   0xa0010000     0x5fff0000  1610547200  Reserved for stack 

        --------------------------------------------------------------------------

Discarded input sections

 .reginfo       0x00000000       0x18 leds_hh.o
 .reginfo       0x00000000       0x18 c:/program files (x86)/microchip/mplabc32/v2.01/bin/../lib/gcc/pic32mx/4.5.1/../../../../pic32mx/lib/./proc/32MX675F512H\processor.o
 .reginfo       0x00000000       0x18 c:/program files (x86)/microchip/mplabc32/v2.01/bin/../lib/gcc/pic32mx/4.5.1/../../../../pic32mx/lib\libc.a(general-exception.o)
 .reginfo       0x00000000       0x18 c:/program files (x86)/microchip/mplabc32/v2.01/bin/../lib/gcc/pic32mx/4.5.1/../../../../pic32mx/lib\libc.a(exit.o)
 .reginfo       0x00000000       0x18 c:/program files (x86)/microchip/mplabc32/v2.01/bin/../lib/gcc/pic32mx/4.5.1/../../../../pic32mx/lib\libc.a(default-general-exception-handler.o)
 .reginfo       0x00000000       0x18 c:/program files (x86)/microchip/mplabc32/v2.01/bin/../lib/gcc/pic32mx/4.5.1/../../../../pic32mx/lib\libc.a(stdclean_simple.o)

Memory Configuration

Name             Origin             Length             Attributes
kseg0_program_mem 0x9d000000         0x00080000         xr
kseg0_boot_mem   0x9fc00490         0x00000970
exception_mem    0x9fc01000         0x00001000
kseg1_boot_mem   0xbfc00000         0x00000490
debug_exec_mem   0xbfc02000         0x00000ff0
config3          0xbfc02ff0         0x00000004
config2          0xbfc02ff4         0x00000004
config1          0xbfc02ff8         0x00000004
config0          0xbfc02ffc         0x00000004
kseg1_data_mem   0xa0000000         0x00010000         w !x
sfrs             0xbf800000         0x00100000
configsfrs       0xbfc02ff0         0x00000010
*default*        0x00000000         0xffffffff

Linker script and memory map

                0x00000001                _DEBUGGER = 0x1
LOAD crt0.o
LOAD leds_hh.o
                0x00000400                PROVIDE (_min_stack_size, 0x400)
                0x00000000                PROVIDE (_min_heap_size, 0x0)
LOAD c:/program files (x86)/microchip/mplabc32/v2.01/bin/../lib/gcc/pic32mx/4.5.1/../../../../pic32mx/lib/./proc/32MX675F512H\processor.o
                0x00000001                PROVIDE (_vector_spacing, 0x1)
                0x9fc01000                _ebase_address = 0x9fc01000
                0xbfc00000                _RESET_ADDR = 0xbfc00000
                0xbfc00380                _BEV_EXCPT_ADDR = 0xbfc00380
                0xbfc00480                _DBG_EXCPT_ADDR = 0xbfc00480
                0xbfc02000                _DBG_CODE_ADDR = 0xbfc02000
                0x00000ff0                _DBG_CODE_SIZE = 0xff0
                0x9fc01180                _GEN_EXCPT_ADDR = (_ebase_address + 0x180)

.config_BFC02FF0
 *(.config_BFC02FF0)

.config_BFC02FF4
 *(.config_BFC02FF4)

.config_BFC02FF8
 *(.config_BFC02FF8)

.config_BFC02FFC
 *(.config_BFC02FFC)

.reset          0xbfc00000       0x20
 *(.reset)
 .reset         0xbfc00000       0x20 crt0.o
                0xbfc00000                _reset

.bev_excpt
 *(.bev_handler)

.dbg_excpt      0xbfc00480        0x8
                0xbfc00480                . = (. + DEFINED (_DEBUGGER)?0x8:0x0)
 *fill*         0xbfc00480        0x8 00

.dbg_code       0xbfc02000      0xff0
                0xbfc02000                . = (. + DEFINED (_DEBUGGER)?0xff0:0x0)
 *fill*         0xbfc02000      0xff0 00

.app_excpt      0x9fc01180       0x10
 *(.gen_handler)
 .gen_handler   0x9fc01180       0x10 crt0.o

.vector_0       0x9fc01200        0x0
 *(.vector_0)
                0x00000001                ASSERT (((_vector_spacing == 0x0) || (SIZEOF (.vector_0) <= (_vector_spacing << 0x5))), function at exception vector 0 too large)

.startup        0x9fc00490        0x4
 *(.startup)
 .startup       0x9fc00490        0x4 crt0.o

.text           0x9d000000      0x2a8
                0x9d000000                _text_begin = .
 *(.text .stub .text.* .gnu.linkonce.t.*)
 .text          0x9d000000       0x18 crt0.o
 .text          0x9d000018      0x178 leds_hh.o
                0x9d000018                main
 .text          0x9d000190        0x0 c:/program files (x86)/microchip/mplabc32/v2.01/bin/../lib/gcc/pic32mx/4.5.1/../../../../pic32mx/lib/./proc/32MX675F512H\processor.o
 .text          0x9d000190        0x0 c:/program files (x86)/microchip/mplabc32/v2.01/bin/../lib/gcc/pic32mx/4.5.1/../../../../pic32mx/lib\libc.a(general-exception.o)
 .text.general_exception
                0x9d000190       0xd0 c:/program files (x86)/microchip/mplabc32/v2.01/bin/../lib/gcc/pic32mx/4.5.1/../../../../pic32mx/lib\libc.a(general-exception.o)
                0x9d000190                _general_exception_context
 .text          0x9d000260        0x0 c:/program files (x86)/microchip/mplabc32/v2.01/bin/../lib/gcc/pic32mx/4.5.1/../../../../pic32mx/lib\libc.a(exit.o)
 .text.exit     0x9d000260       0x34 c:/program files (x86)/microchip/mplabc32/v2.01/bin/../lib/gcc/pic32mx/4.5.1/../../../../pic32mx/lib\libc.a(exit.o)
                0x9d000260                exit
 .text          0x9d000294        0x0 c:/program files (x86)/microchip/mplabc32/v2.01/bin/../lib/gcc/pic32mx/4.5.1/../../../../pic32mx/lib\libc.a(default-general-exception-handler.o)
 .text._general_exception_handler
                0x9d000294        0xc c:/program files (x86)/microchip/mplabc32/v2.01/bin/../lib/gcc/pic32mx/4.5.1/../../../../pic32mx/lib\libc.a(default-general-exception-handler.o)
                0x9d000294                _general_exception_handler
 .text          0x9d0002a0        0x0 c:/program files (x86)/microchip/mplabc32/v2.01/bin/../lib/gcc/pic32mx/4.5.1/../../../../pic32mx/lib\libc.a(stdclean_simple.o)
 .text._cleanup
                0x9d0002a0        0x8 c:/program files (x86)/microchip/mplabc32/v2.01/bin/../lib/gcc/pic32mx/4.5.1/../../../../pic32mx/lib\libc.a(stdclean_simple.o)
                0x9d0002a0                _cleanup
 *(.text.*personality*)
 *(.gnu.warning)
 *(.mips16.fn.*)
 *(.mips16.call.*)
                0x9d0002a8                _text_end = .

.rodata         0x9d0002a8      0x8bc
 *(.rodata .rodata.* .gnu.linkonce.r.*)
 .rodata        0x9d0002a8      0x8bc leds_hh.o
 *(.rodata1)
                0x9d000b64                . = ALIGN (0x4)

.sdata2         0x9d000b64        0x0
 *(.sdata2 .sdata2.* .gnu.linkonce.s2.*)
                0x9d000b64                . = ALIGN (0x4)

.sbss2          0x9d000b64        0x0
 *(.sbss2 .sbss2.* .gnu.linkonce.sb2.*)
                0x9d000b64                . = ALIGN (0x4)

.eh_frame_hdr
 *(.eh_frame_hdr)

.eh_frame
 *(.eh_frame)

.dbg_data       0xa0000000      0x200
                0xa0000000                . = (. + DEFINED (_DEBUGGER)?0x200:0x0)
 *fill*         0xa0000000      0x200 00

.data           0xa0000200        0x0 load address 0x9d000b64
                0xa0000200                _data_begin = .
 *(.data .data.* .gnu.linkonce.d.*)
 .data          0xa0000200        0x0 crt0.o
 .data          0xa0000200        0x0 leds_hh.o
 .data          0xa0000200        0x0 c:/program files (x86)/microchip/mplabc32/v2.01/bin/../lib/gcc/pic32mx/4.5.1/../../../../pic32mx/lib/./proc/32MX675F512H\processor.o
 .data          0xa0000200        0x0 c:/program files (x86)/microchip/mplabc32/v2.01/bin/../lib/gcc/pic32mx/4.5.1/../../../../pic32mx/lib\libc.a(general-exception.o)
 .data          0xa0000200        0x0 c:/program files (x86)/microchip/mplabc32/v2.01/bin/../lib/gcc/pic32mx/4.5.1/../../../../pic32mx/lib\libc.a(exit.o)
 .data          0xa0000200        0x0 c:/program files (x86)/microchip/mplabc32/v2.01/bin/../lib/gcc/pic32mx/4.5.1/../../../../pic32mx/lib\libc.a(default-general-exception-handler.o)
 .data          0xa0000200        0x0 c:/program files (x86)/microchip/mplabc32/v2.01/bin/../lib/gcc/pic32mx/4.5.1/../../../../pic32mx/lib\libc.a(stdclean_simple.o)
 *(.gnu.linkonce.d.*personality*)
 *(.data1)
                0x9d000b64                _data_image_begin = LOADADDR (.data)

.eh_frame
 *(.eh_frame)
                0xa00081f0                _gp = (ALIGN (0x10) + 0x7ff0)

.got
 *(.got.plt)
 *(.got)

.sdata          0xa0000200        0x0 load address 0x9d000b64
                0xa0000200                _sdata_begin = .
 *(.sdata .sdata.* .gnu.linkonce.s.*)
                0xa0000200                _sdata_end = .

.lit8
 *(.lit8)

.lit4
 *(.lit4)
                0xa0000200                . = ALIGN (0x4)
                0xa0000200                _data_end = .
                0xa0000200                _bss_begin = .

.sbss           0xa0000200        0x4 load address 0x9d000b64
                0xa0000200                _sbss_begin = .
 *(.dynsbss)
 *(.sbss .sbss.* .gnu.linkonce.sb.*)
 .sbss          0xa0000200        0x4 c:/program files (x86)/microchip/mplabc32/v2.01/bin/../lib/gcc/pic32mx/4.5.1/../../../../pic32mx/lib\libc.a(stdclean_simple.o)
                0xa0000200                _atexitptr
 *(.scommon)
                0xa0000204                _sbss_end = .

.bss            0xa0000204        0x0 load address 0x9d000b64
 *(.dynbss)
 *(.bss .bss.* .gnu.linkonce.b.*)
 .bss           0xa0000204        0x0 crt0.o
 .bss           0xa0000204        0x0 leds_hh.o
 .bss           0xa0000204        0x0 c:/program files (x86)/microchip/mplabc32/v2.01/bin/../lib/gcc/pic32mx/4.5.1/../../../../pic32mx/lib/./proc/32MX675F512H\processor.o
 .bss           0xa0000204        0x0 c:/program files (x86)/microchip/mplabc32/v2.01/bin/../lib/gcc/pic32mx/4.5.1/../../../../pic32mx/lib\libc.a(general-exception.o)
 .bss           0xa0000204        0x0 c:/program files (x86)/microchip/mplabc32/v2.01/bin/../lib/gcc/pic32mx/4.5.1/../../../../pic32mx/lib\libc.a(exit.o)
 .bss           0xa0000204        0x0 c:/program files (x86)/microchip/mplabc32/v2.01/bin/../lib/gcc/pic32mx/4.5.1/../../../../pic32mx/lib\libc.a(default-general-exception-handler.o)
 .bss           0xa0000204        0x0 c:/program files (x86)/microchip/mplabc32/v2.01/bin/../lib/gcc/pic32mx/4.5.1/../../../../pic32mx/lib\libc.a(stdclean_simple.o)
 *(COMMON)
                0xa0000204                . = ALIGN (0x4)
                0xa0000204                . = ALIGN (0x4)
                0xa0000204                _end = .
                0xa0000204                _bss_end = .

.heap           0xa0000204        0x0 load address 0x9d000b64
                0xa0000204                _heap = .
                0xa0000204                . = (. + _min_heap_size)

.stack          0xa0000204      0x408 load address 0x9d000b64
                0xa0000204                _splim = .
                0xa0000204                _SPLIM = .
                0xa0000604                . = (. + _min_stack_size)
 *fill*         0xa0000204      0x400 00
 .stack         0xa0000604        0x8 stack

.ramfunc        0xa0000800        0x0 load address 0x9d000b64
                0xa0000800                _ramfunc_begin = .
 *(.ramfunc .ramfunc.*)
                0xa0000800                . = ALIGN (0x4)
                0xa0000800                _ramfunc_end = .
                0x9d000b64                _ramfunc_image_begin = LOADADDR (.ramfunc)
                0x00000000                _ramfunc_length = SIZEOF (.ramfunc)
                0x00000800                _bmxdkpba_address = (_ramfunc_begin - 0xa0000000)
                0x00010000                _bmxdudba_address = 0x10000
                0x00010000                _bmxdupba_address = 0x10000
                0xa0010000                _stack = (_ramfunc_length > 0x0)?(_ramfunc_begin - 0x4):0xa0010000
                0x00000001                ASSERT (((_min_stack_size + _min_heap_size) <= (_stack - _heap)), Not enough space to allocate both stack and heap.  Reduce heap and/or stack size.)

.pdr            0x00000000      0x120
 *(.pdr)
 .pdr           0x00000000       0x80 crt0.o
 .pdr           0x00000080       0x20 leds_hh.o
 .pdr           0x000000a0        0x0 c:/program files (x86)/microchip/mplabc32/v2.01/bin/../lib/gcc/pic32mx/4.5.1/../../../../pic32mx/lib/./proc/32MX675F512H\processor.o
 .pdr           0x000000a0       0x20 c:/program files (x86)/microchip/mplabc32/v2.01/bin/../lib/gcc/pic32mx/4.5.1/../../../../pic32mx/lib\libc.a(general-exception.o)
 .pdr           0x000000c0       0x20 c:/program files (x86)/microchip/mplabc32/v2.01/bin/../lib/gcc/pic32mx/4.5.1/../../../../pic32mx/lib\libc.a(exit.o)
 .pdr           0x000000e0       0x20 c:/program files (x86)/microchip/mplabc32/v2.01/bin/../lib/gcc/pic32mx/4.5.1/../../../../pic32mx/lib\libc.a(default-general-exception-handler.o)
 .pdr           0x00000100       0x20 c:/program files (x86)/microchip/mplabc32/v2.01/bin/../lib/gcc/pic32mx/4.5.1/../../../../pic32mx/lib\libc.a(stdclean_simple.o)

.reginfo        0x00000000       0x18
 *(.reginfo)
 .reginfo       0x00000000       0x18 crt0.o

.stab
 *(.stab)

.stabstr
 *(.stabstr)

.stab.excl
 *(.stab.excl)

.stab.exclstr
 *(.stab.exclstr)

.stab.index
 *(.stab.index)

.stab.indexstr
 *(.stab.indexstr)

.comment        0x00000000       0x51
 *(.comment)
 .comment       0x00000000       0x51 c:/program files (x86)/microchip/mplabc32/v2.01/bin/../lib/gcc/pic32mx/4.5.1/../../../../pic32mx/lib\libc.a(exit.o)
                                 0x52 (size before relaxing)
 .comment       0x00000000       0x52 c:/program files (x86)/microchip/mplabc32/v2.01/bin/../lib/gcc/pic32mx/4.5.1/../../../../pic32mx/lib\libc.a(default-general-exception-handler.o)
 .comment       0x00000000       0x52 c:/program files (x86)/microchip/mplabc32/v2.01/bin/../lib/gcc/pic32mx/4.5.1/../../../../pic32mx/lib\libc.a(stdclean_simple.o)

.debug
 *(.debug)

.line
 *(.line)

.debug_srcinfo
 *(.debug_srcinfo)

.debug_sfnames
 *(.debug_sfnames)

.debug_aranges  0x00000000       0xb8
 *(.debug_aranges)
 .debug_aranges
                0x00000000       0x38 crt0.o
 .debug_aranges
                0x00000038       0x20 leds_hh.o
 .debug_aranges
                0x00000058       0x20 c:/program files (x86)/microchip/mplabc32/v2.01/bin/../lib/gcc/pic32mx/4.5.1/../../../../pic32mx/lib\libc.a(exit.o)
 .debug_aranges
                0x00000078       0x20 c:/program files (x86)/microchip/mplabc32/v2.01/bin/../lib/gcc/pic32mx/4.5.1/../../../../pic32mx/lib\libc.a(default-general-exception-handler.o)
 .debug_aranges
                0x00000098       0x20 c:/program files (x86)/microchip/mplabc32/v2.01/bin/../lib/gcc/pic32mx/4.5.1/../../../../pic32mx/lib\libc.a(stdclean_simple.o)

.debug_pubnames
                0x00000000       0x6b
 *(.debug_pubnames)
 .debug_pubnames
                0x00000000       0x1b c:/program files (x86)/microchip/mplabc32/v2.01/bin/../lib/gcc/pic32mx/4.5.1/../../../../pic32mx/lib\libc.a(exit.o)
 .debug_pubnames
                0x0000001b       0x31 c:/program files (x86)/microchip/mplabc32/v2.01/bin/../lib/gcc/pic32mx/4.5.1/../../../../pic32mx/lib\libc.a(default-general-exception-handler.o)
 .debug_pubnames
                0x0000004c       0x1f c:/program files (x86)/microchip/mplabc32/v2.01/bin/../lib/gcc/pic32mx/4.5.1/../../../../pic32mx/lib\libc.a(stdclean_simple.o)

.debug_info     0x00000000      0x35e
 *(.debug_info .gnu.linkonce.wi.*)
 .debug_info    0x00000000       0x56 crt0.o
 .debug_info    0x00000056       0x5d leds_hh.o
 .debug_info    0x000000b3       0xcd c:/program files (x86)/microchip/mplabc32/v2.01/bin/../lib/gcc/pic32mx/4.5.1/../../../../pic32mx/lib\libc.a(exit.o)
 .debug_info    0x00000180      0x102 c:/program files (x86)/microchip/mplabc32/v2.01/bin/../lib/gcc/pic32mx/4.5.1/../../../../pic32mx/lib\libc.a(default-general-exception-handler.o)
 .debug_info    0x00000282       0xdc c:/program files (x86)/microchip/mplabc32/v2.01/bin/../lib/gcc/pic32mx/4.5.1/../../../../pic32mx/lib\libc.a(stdclean_simple.o)

.debug_abbrev   0x00000000       0x97
 *(.debug_abbrev)
 .debug_abbrev  0x00000000       0x12 crt0.o
 .debug_abbrev  0x00000012       0x14 leds_hh.o
 .debug_abbrev  0x00000026       0x25 c:/program files (x86)/microchip/mplabc32/v2.01/bin/../lib/gcc/pic32mx/4.5.1/../../../../pic32mx/lib\libc.a(exit.o)
 .debug_abbrev  0x0000004b       0x25 c:/program files (x86)/microchip/mplabc32/v2.01/bin/../lib/gcc/pic32mx/4.5.1/../../../../pic32mx/lib\libc.a(default-general-exception-handler.o)
 .debug_abbrev  0x00000070       0x27 c:/program files (x86)/microchip/mplabc32/v2.01/bin/../lib/gcc/pic32mx/4.5.1/../../../../pic32mx/lib\libc.a(stdclean_simple.o)

.debug_line     0x00000000      0x25a
 *(.debug_line)
 .debug_line    0x00000000       0x70 crt0.o
 .debug_line    0x00000070       0x8f leds_hh.o
 .debug_line    0x000000ff       0x85 c:/program files (x86)/microchip/mplabc32/v2.01/bin/../lib/gcc/pic32mx/4.5.1/../../../../pic32mx/lib\libc.a(exit.o)
 .debug_line    0x00000184       0xa4 c:/program files (x86)/microchip/mplabc32/v2.01/bin/../lib/gcc/pic32mx/4.5.1/../../../../pic32mx/lib\libc.a(default-general-exception-handler.o)
 .debug_line    0x00000228       0x32 c:/program files (x86)/microchip/mplabc32/v2.01/bin/../lib/gcc/pic32mx/4.5.1/../../../../pic32mx/lib\libc.a(stdclean_simple.o)

.debug_frame    0x00000000       0x68
 *(.debug_frame)
 .debug_frame   0x00000000       0x28 c:/program files (x86)/microchip/mplabc32/v2.01/bin/../lib/gcc/pic32mx/4.5.1/../../../../pic32mx/lib\libc.a(exit.o)
 .debug_frame   0x00000028       0x20 c:/program files (x86)/microchip/mplabc32/v2.01/bin/../lib/gcc/pic32mx/4.5.1/../../../../pic32mx/lib\libc.a(default-general-exception-handler.o)
 .debug_frame   0x00000048       0x20 c:/program files (x86)/microchip/mplabc32/v2.01/bin/../lib/gcc/pic32mx/4.5.1/../../../../pic32mx/lib\libc.a(stdclean_simple.o)

.debug_str      0x00000000        0x0
 *(.debug_str)
 .debug_str     0x00000000        0x0 c:/program files (x86)/microchip/mplabc32/v2.01/bin/../lib/gcc/pic32mx/4.5.1/../../../../pic32mx/lib\libc.a(exit.o)
 .debug_str     0x00000000        0x0 c:/program files (x86)/microchip/mplabc32/v2.01/bin/../lib/gcc/pic32mx/4.5.1/../../../../pic32mx/lib\libc.a(default-general-exception-handler.o)
 .debug_str     0x00000000        0x0 c:/program files (x86)/microchip/mplabc32/v2.01/bin/../lib/gcc/pic32mx/4.5.1/../../../../pic32mx/lib\libc.a(stdclean_simple.o)

.debug_loc
 *(.debug_loc)

.debug_macinfo
 *(.debug_macinfo)

.debug_weaknames
 *(.debug_weaknames)

.debug_funcnames
 *(.debug_funcnames)

.debug_typenames
 *(.debug_typenames)

.debug_varnames
 *(.debug_varnames)

/DISCARD/
 *(.note.GNU-stack)
                0x00000001                __MPLAB_BUILD = 0x1
                0x00000001                __MPLAB_DEBUG = 0x1
                0x00000001                __MPLAB_DEBUGGER_ICD3 = 0x1
                0x00000001                __ICD2RAM = 0x1
LOAD c:/program files (x86)/microchip/mplabc32/v2.01/bin/../lib/gcc/pic32mx/4.5.1\libgcc.a
START GROUP
LOAD c:/program files (x86)/microchip/mplabc32/v2.01/bin/../lib/gcc/pic32mx/4.5.1/../../../../pic32mx/lib\libdebug.a
LOAD c:/program files (x86)/microchip/mplabc32/v2.01/bin/../lib/gcc/pic32mx/4.5.1/../../../../pic32mx/lib\libc.a
LOAD c:/program files (x86)/microchip/mplabc32/v2.01/bin/../lib/gcc/pic32mx/4.5.1/../../../../pic32mx/lib\libm.a
LOAD c:/program files (x86)/microchip/mplabc32/v2.01/bin/../lib/gcc/pic32mx/4.5.1/../../../../pic32mx/lib\libe.a
LOAD c:/program files (x86)/microchip/mplabc32/v2.01/bin/../lib/gcc/pic32mx/4.5.1/../../../../pic32mx/lib\libdsp.a
LOAD c:/program files (x86)/microchip/mplabc32/v2.01/bin/../lib/gcc/pic32mx/4.5.1/../../../../pic32mx/lib\libmchp_peripheral.a
LOAD c:/program files (x86)/microchip/mplabc32/v2.01/bin/../lib/gcc/pic32mx/4.5.1/../../../../pic32mx/lib\libmchp_peripheral_32MX675F512H.a
END GROUP
LOAD c:/program files (x86)/microchip/mplabc32/v2.01/bin/../lib/gcc/pic32mx/4.5.1\libgcc.a
OUTPUT(lab5_hh.elf elf32-tradlittlemips)
LOAD stack
LOAD data_init

.debug_ranges   0x00000000       0x60
 .debug_ranges  0x00000000       0x30 crt0.o
 .debug_ranges  0x00000030       0x10 c:/program files (x86)/microchip/mplabc32/v2.01/bin/../lib/gcc/pic32mx/4.5.1/../../../../pic32mx/lib\libc.a(exit.o)
 .debug_ranges  0x00000040       0x10 c:/program files (x86)/microchip/mplabc32/v2.01/bin/../lib/gcc/pic32mx/4.5.1/../../../../pic32mx/lib\libc.a(default-general-exception-handler.o)
 .debug_ranges  0x00000050       0x10 c:/program files (x86)/microchip/mplabc32/v2.01/bin/../lib/gcc/pic32mx/4.5.1/../../../../pic32mx/lib\libc.a(stdclean_simple.o)

.gnu.attributes
                0x00000000       0x10
 .gnu.attributes
                0x00000000       0x10 c:/program files (x86)/microchip/mplabc32/v2.01/bin/../lib/gcc/pic32mx/4.5.1/../../../../pic32mx/lib\libc.a(exit.o)
 .gnu.attributes
                0x00000010       0x10 c:/program files (x86)/microchip/mplabc32/v2.01/bin/../lib/gcc/pic32mx/4.5.1/../../../../pic32mx/lib\libc.a(default-general-exception-handler.o)
 .gnu.attributes
                0x00000020       0x10 c:/program files (x86)/microchip/mplabc32/v2.01/bin/../lib/gcc/pic32mx/4.5.1/../../../../pic32mx/lib\libc.a(stdclean_simple.o)

.mdebug.abi32%z1
                0x00000000        0x0
 .mdebug.abi32  0x00000000        0x0 c:/program files (x86)/microchip/mplabc32/v2.01/bin/../lib/gcc/pic32mx/4.5.1/../../../../pic32mx/lib\libc.a(stdclean_simple.o)

.mdebug.abi32%z2
                0x00000000        0x0
 .mdebug.abi32  0x00000000        0x0 c:/program files (x86)/microchip/mplabc32/v2.01/bin/../lib/gcc/pic32mx/4.5.1/../../../../pic32mx/lib\libc.a(default-general-exception-handler.o)

.mdebug.abi32%z3
                0x00000000        0x0
 .mdebug.abi32  0x00000000        0x0 c:/program files (x86)/microchip/mplabc32/v2.01/bin/../lib/gcc/pic32mx/4.5.1/../../../../pic32mx/lib\libc.a(exit.o)

.dinit          0x9d000b68       0x10
 .dinit         0x9d000b68       0x10 data_init
